============================= test session starts =============================
platform win32 -- Python 3.13.13, pytest-9.0.3, pluggy-1.6.0 -- C:\Users\fox\Documents\projects\orchestrator\agents\.venv\Scripts\python.exe
cachedir: .pytest_cache
rootdir: C:\Users\fox\Documents\projects\orchestrator\agents
configfile: pyproject.toml
plugins: anyio-4.13.0
collecting ... collected 18 items

agents\tests\test_review_parser.py::TestParseTechReview::test_parses_two_artifacts PASSED [  5%]
agents\tests\test_review_parser.py::TestParseTechReview::test_first_artifact_path PASSED [ 11%]
agents\tests\test_review_parser.py::TestParseTechReview::test_first_artifact_dimensions PASSED [ 16%]
agents\tests\test_review_parser.py::TestParseTechReview::test_first_artifact_average PASSED [ 22%]
agents\tests\test_review_parser.py::TestParseTechReview::test_first_artifact_verdict FAILED [ 27%]
agents\tests\test_review_parser.py::TestParseTechReview::test_first_artifact_risks FAILED [ 33%]
agents\tests\test_review_parser.py::TestParseTechReview::test_second_artifact_verdict_reject FAILED [ 38%]
agents\tests\test_review_parser.py::TestParseTechReview::test_second_artifact_low_scores PASSED [ 44%]
agents\tests\test_review_parser.py::TestParseTechReview::test_empty_text_returns_empty PASSED [ 50%]
agents\tests\test_review_parser.py::TestParseTechReview::test_no_artifact_sections_returns_empty PASSED [ 55%]
agents\tests\test_review_parser.py::TestParseCrossReview::test_parses_pairs PASSED [ 61%]
agents\tests\test_review_parser.py::TestParseCrossReview::test_pair_names PASSED [ 66%]
agents\tests\test_review_parser.py::TestParseCrossReview::test_pair_scores PASSED [ 72%]
agents\tests\test_review_parser.py::TestParseCrossReview::test_average_score PASSED [ 77%]
agents\tests\test_review_parser.py::TestParseCrossReview::test_verdict FAILED [ 83%]
agents\tests\test_review_parser.py::TestParseCrossReview::test_blocking_items FAILED [ 88%]
agents\tests\test_review_parser.py::TestParseCrossReview::test_issues_count PASSED [ 94%]
agents\tests\test_review_parser.py::TestParseCrossReview::test_empty_text PASSED [100%]

================================== FAILURES ===================================
_______________ TestParseTechReview.test_first_artifact_verdict _______________
agents\tests\test_review_parser.py:103: in test_first_artifact_verdict
    assert reviews[0].verdict == "APPROVE"
E   AssertionError: assert '' == 'APPROVE'
E     
E     - APPROVE
________________ TestParseTechReview.test_first_artifact_risks ________________
agents\tests\test_review_parser.py:107: in test_first_artifact_risks
    assert len(reviews[0].risks) == 2
E   AssertionError: assert 0 == 2
E    +  where 0 = len([])
E    +    where [] = ArtifactReview(artifact_path='docs/backend-plan.md', dimensions=[DimensionScore(dimension='clarity', score=8.0, notes='Well-structured, minor ambiguity'), DimensionScore(dimension='completeness', score=7.0, notes='Missing edge case for auth flow'), DimensionScore(dimension='technical_depth', score=6.0, notes='Needs more detail on DB schema'), DimensionScore(dimension='actionability', score=9.0, notes='Clear tasks, ready to implement'), DimensionScore(dimension='consistency', score=7.0, notes='Aligns with spec, one contradiction')], average_score=7.4, verdict='', risks=[]).risks
___________ TestParseTechReview.test_second_artifact_verdict_reject ___________
agents\tests\test_review_parser.py:113: in test_second_artifact_verdict_reject
    assert reviews[1].verdict == "REJECT"
E   AssertionError: assert '' == 'REJECT'
E     
E     - REJECT
______________________ TestParseCrossReview.test_verdict ______________________
agents\tests\test_review_parser.py:152: in test_verdict
    assert result.verdict == "MISALIGNED"
E   AssertionError: assert '' == 'MISALIGNED'
E     
E     - MISALIGNED
__________________ TestParseCrossReview.test_blocking_items ___________________
agents\tests\test_review_parser.py:156: in test_blocking_items
    assert len(result.blocking_items) == 2
E   AssertionError: assert 0 == 2
E    +  where 0 = len([])
E    +    where [] = CrossReviewResult(pairs=[PairScore(pair='backend\u2194frontend', score=6.0, gaps='API contract mostly aligned, minor gaps'), PairScore(pair='qa\u2194backend', score=7.0, gaps='Test scenarios cover backend well'), PairScore(pair='qa\u2194frontend', score=8.0, gaps='Frontend tests are comprehensive'), PairScore(pair='architecture\u2194backend', score=5.0, gaps='DB choice conflicts with arch guidelines'), PairScore(pair='architecture\u2194frontend', score=7.0, gaps='Component structure follows arch pattern')], average_score=6.6, blocking_count=0, misaligned_count=1, consistent_count=1, verdict='', blocking_items=[]).blocking_items
=========================== short test summary info ===========================
FAILED agents\tests\test_review_parser.py::TestParseTechReview::test_first_artifact_verdict
FAILED agents\tests\test_review_parser.py::TestParseTechReview::test_first_artifact_risks
FAILED agents\tests\test_review_parser.py::TestParseTechReview::test_second_artifact_verdict_reject
FAILED agents\tests\test_review_parser.py::TestParseCrossReview::test_verdict
FAILED agents\tests\test_review_parser.py::TestParseCrossReview::test_blocking_items
======================== 5 failed, 13 passed in 0.13s =========================
